Wirelength 287713
NumHardBlocks 100
hb97 0 0 0
hb3 17 0 0
hb84 54 0 1
hb73 76 0 0
hb66 137 0 1
hb50 198 0 1
hb36 230 0 0
hb99 269 0 0
hb96 318 0 0
hb77 358 0 1
hb17 0 67 1
hb47 66 67 1
hb44 99 67 1
hb49 146 67 0
hb1 193 67 1
hb93 230 67 1
hb27 265 67 0
hb21 290 67 1
hb71 340 67 1
hb14 362 67 1
hb56 405 67 0
hb68 0 132 0
hb29 52 132 0
hb42 76 132 1
hb8 129 132 0
hb98 179 132 0
hb54 201 132 0
hb12 219 132 1
hb43 247 132 1
hb72 293 132 0
hb79 354 132 1
hb62 395 132 1
hb37 414 132 0
hb94 0 195 0
hb11 41 195 0
hb15 80 195 1
hb80 132 195 0
hb38 148 195 0
hb48 171 195 1
hb13 198 195 0
hb82 246 195 0
hb16 293 195 0
hb51 329 195 0
hb65 367 195 1
hb55 0 254 0
hb91 34 254 1
hb86 67 254 1
hb41 104 254 0
hb39 131 254 0
hb26 183 254 1
hb69 223 254 1
hb25 250 254 1
hb52 289 254 1
hb34 334 254 0
hb32 361 254 0
hb2 404 254 1
hb10 0 310 0
hb95 18 310 1
hb18 37 310 0
hb59 85 310 1
hb19 122 310 0
hb81 153 310 0
hb64 193 310 1
hb5 240 310 0
hb23 279 310 0
hb22 299 310 1
hb57 333 310 0
hb58 351 310 1
hb28 385 310 0
hb63 0 362 0
hb24 36 362 1
hb67 64 362 1
hb87 104 362 0
hb45 143 362 0
hb0 166 362 1
hb53 199 362 1
hb74 220 362 0
hb70 258 362 0
hb9 300 362 0
hb6 316 362 1
hb60 334 362 1
hb7 357 362 0
hb46 379 362 1
hb90 401 362 1
hb35 0 407 1
hb89 38 407 0
hb20 76 407 0
hb88 113 407 0
hb78 150 407 0
hb33 186 407 1
hb31 221 407 0
hb61 247 407 1
hb76 270 407 0
hb4 292 407 1
hb40 311 407 0
hb75 337 407 0
hb92 356 407 1
hb30 372 407 0
hb85 396 407 0
hb83 416 407 1
