Wirelength 590221
NumHardBlocks 200
hb199 0 0 0
hb198 196 0 0
hb197 102 0 0
hb51 0 120 0
hb46 102 83 0
hb57 102 98 1
hb64 27 120 0
hb101 74 120 0
hb186 102 70 1
hb13 114 120 1
hb85 159 120 1
hb163 196 120 0
hb167 262 0 0
hb3 262 14 1
hb142 262 78 1
hb28 242 120 1
hb169 309 0 0
hb112 262 45 1
hb143 280 120 1
hb129 324 120 0
hb59 368 120 0
hb15 414 120 0
hb55 262 32 1
hb9 309 85 0
hb130 0 168 0
hb90 355 0 0
hb145 44 168 1
hb62 78 168 0
hb121 115 168 0
hb120 262 63 1
hb107 309 28 0
hb10 147 168 1
hb170 309 63 1
hb87 309 44 0
hb179 179 168 1
hb96 355 24 1
hb110 355 68 0
hb91 355 91 0
hb42 355 49 1
hb185 262 105 1
hb21 220 168 1
hb67 259 168 1
hb154 296 168 0
hb88 400 88 1
hb113 338 168 1
hb93 400 16 0
hb54 400 0 0
hb78 400 62 1
hb84 366 168 1
hb194 403 168 0
hb193 0 213 0
hb122 42 213 1
hb26 400 37 0
hb50 72 213 0
hb191 105 213 1
hb12 142 213 0
hb92 178 213 1
hb71 202 213 1
hb181 236 213 0
hb173 251 213 1
hb105 273 213 1
hb157 304 213 1
hb156 316 213 0
hb39 335 213 0
hb116 365 213 0
hb165 402 213 1
hb58 435 213 0
hb40 0 256 0
hb2 28 256 1
hb153 63 256 1
hb23 75 256 1
hb188 100 256 0
hb43 124 256 1
hb49 158 256 1
hb1 189 256 0
hb196 208 256 1
hb118 224 256 1
hb114 259 256 1
hb124 278 256 0
hb106 291 256 0
hb22 325 256 0
hb34 351 256 0
hb132 370 256 1
hb126 386 256 1
hb73 414 256 0
hb102 432 256 0
hb69 0 297 1
hb183 38 297 1
hb115 54 297 1
hb168 84 297 1
hb52 109 297 0
hb117 136 297 0
hb45 160 297 0
hb29 174 297 0
hb99 186 297 1
hb190 206 297 1
hb83 240 297 0
hb79 259 297 0
hb135 278 297 0
hb31 293 297 1
hb128 309 297 1
hb160 334 297 0
hb131 346 297 1
hb11 366 297 0
hb104 380 297 1
hb70 405 297 1
hb195 419 297 0
hb166 444 297 1
hb119 0 334 0
hb25 24 334 0
hb33 60 334 0
hb159 78 334 0
hb95 102 334 1
hb0 127 334 1
hb123 143 334 0
hb171 156 334 1
hb89 190 334 0
hb5 202 334 1
hb60 233 334 0
hb63 263 334 0
hb68 278 334 1
hb146 302 334 0
hb72 335 334 1
hb18 368 334 1
hb175 387 334 1
hb27 399 334 1
hb141 414 334 0
hb61 0 370 1
hb38 34 370 1
hb139 60 370 1
hb152 91 370 0
hb82 124 370 0
hb35 156 370 0
hb17 171 370 1
hb182 197 370 1
hb65 209 370 0
hb108 239 370 1
hb20 251 370 0
hb8 279 370 1
hb32 294 370 0
hb4 317 370 0
hb164 343 370 1
hb81 370 370 1
hb103 390 370 0
hb189 422 370 1
hb147 442 370 0
hb177 0 403 0
hb66 21 403 0
hb172 52 403 1
hb161 77 403 0
hb138 96 403 1
hb19 118 403 1
hb150 130 403 0
hb162 143 403 1
hb144 155 403 0
hb74 180 403 1
hb6 198 403 1
hb134 211 403 1
hb158 227 403 1
hb192 244 403 0
hb97 266 403 0
hb125 291 403 0
hb7 309 403 1
hb36 330 403 1
hb44 342 403 1
hb151 358 403 0
hb100 374 403 1
hb75 399 403 0
hb30 422 403 0
hb48 0 434 1
hb98 26 434 1
hb148 52 434 0
hb174 69 434 1
hb14 89 434 0
hb56 104 434 0
hb24 126 434 1
hb77 141 434 1
hb127 157 434 1
hb136 179 434 1
hb187 198 434 0
hb86 220 434 0
hb47 244 434 1
hb137 258 434 1
hb16 276 434 0
hb149 294 434 0
hb109 316 434 0
hb180 328 434 0
hb37 443 83 0
hb184 347 434 1
hb178 443 43 1
hb176 443 63 1
hb111 366 434 1
hb53 379 434 0
hb94 443 12 1
hb41 443 27 0
hb140 443 0 1
hb80 396 434 0
hb76 443 104 0
hb133 410 434 1
hb155 422 434 0
