Wirelength 846457
NumHardBlocks 300
hb49 0 0 0
hb57 24 0 0
hb192 71 0 0
hb87 100 0 0
hb13 145 0 0
hb217 178 0 0
hb262 198 0 0
hb146 225 0 1
hb266 258 0 0
hb229 303 0 0
hb198 327 0 1
hb131 346 0 1
hb134 391 0 0
hb92 425 0 0
hb225 470 0 1
hb40 508 0 0
hb149 0 48 1
hb255 22 48 1
hb277 61 48 0
hb59 73 48 1
hb161 111 48 0
hb263 157 48 1
hb179 203 48 1
hb42 237 48 1
hb73 262 48 0
hb96 274 48 1
hb33 307 48 0
hb125 352 48 1
hb235 394 48 0
hb184 416 48 1
hb90 441 48 1
hb63 465 48 0
hb62 0 95 1
hb109 36 95 0
hb56 78 95 1
hb66 109 95 0
hb68 151 95 0
hb209 179 95 1
hb70 215 95 0
hb141 231 95 0
hb135 250 95 1
hb221 265 95 0
hb61 278 95 0
hb182 309 95 1
hb261 333 95 0
hb16 345 95 1
hb119 387 95 0
hb265 415 95 1
hb170 430 95 0
hb100 459 95 0
hb145 503 95 0
hb4 0 141 0
hb3 40 141 0
hb264 61 141 1
hb224 84 141 1
hb95 105 141 1
hb159 142 141 1
hb258 174 141 1
hb9 208 141 1
hb246 233 141 0
hb114 256 141 0
hb14 290 141 1
hb118 311 141 1
hb18 349 141 0
hb128 392 141 1
hb21 420 141 0
hb189 448 141 1
hb86 460 141 0
hb88 499 141 0
hb282 0 186 0
hb85 44 186 0
hb174 78 186 1
hb122 94 186 1
hb200 114 186 1
hb91 151 186 1
hb127 172 186 0
hb279 197 186 0
hb74 236 186 1
hb133 270 186 0
hb25 285 186 0
hb291 314 186 0
hb293 342 186 1
hb295 361 186 1
hb248 374 186 1
hb251 405 186 1
hb140 439 186 0
hb218 451 186 1
hb151 466 186 0
hb104 484 186 1
hb147 498 186 0
hb232 0 229 1
hb287 23 229 1
hb110 44 229 0
hb271 83 229 1
hb47 107 229 1
hb216 147 229 1
hb89 166 229 0
hb212 186 229 0
hb138 207 229 1
hb278 235 229 0
hb206 248 229 1
hb78 283 229 1
hb17 299 229 1
hb153 336 229 1
hb11 366 229 1
hb164 390 229 0
hb168 426 229 0
hb196 450 229 0
hb177 491 229 1
hb286 0 271 1
hb83 41 271 1
hb204 82 271 0
hb144 123 271 0
hb171 138 271 0
hb298 160 271 0
hb180 193 271 0
hb239 212 271 1
hb242 234 271 0
hb77 256 271 1
hb79 274 271 1
hb97 299 271 1
hb237 314 271 0
hb27 335 271 0
hb99 373 271 1
hb102 390 271 1
hb188 426 271 0
hb23 463 271 1
hb292 480 271 0
hb169 504 271 0
hb236 0 311 0
hb247 27 311 0
hb226 63 311 1
hb43 79 311 1
hb238 100 311 0
hb183 127 311 0
hb267 160 311 0
hb117 194 311 1
hb60 215 311 1
hb202 231 311 0
hb76 265 311 1
hb132 301 311 0
hb82 319 311 1
hb6 343 311 1
hb84 370 311 0
hb176 404 311 0
hb297 437 311 1
hb121 468 311 0
hb108 0 350 1
hb187 38 350 1
hb243 76 350 1
hb167 110 350 0
hb269 146 350 1
hb244 164 350 1
hb52 177 350 1
hb289 195 350 0
hb142 228 350 0
hb220 255 350 0
hb139 285 350 0
hb136 321 350 1
hb75 333 350 0
hb197 353 350 1
hb190 381 350 1
hb199 408 350 0
hb166 439 350 0
hb245 473 350 1
hb53 497 350 1
hb288 509 350 0
hb101 0 387 0
hb113 30 387 1
hb80 54 387 1
hb31 69 387 0
hb41 101 387 1
hb120 120 387 0
hb123 156 387 0
hb19 179 387 1
hb69 202 387 1
hb8 229 387 0
hb105 250 387 1
hb249 283 387 1
hb7 310 387 1
hb98 339 387 0
hb272 352 387 0
hb124 376 387 0
hb22 407 387 1
hb54 436 387 0
hb222 466 387 1
hb71 491 387 1
hb48 0 423 0
hb103 28 423 0
hb191 62 423 0
hb250 78 423 0
hb15 109 423 1
hb185 124 423 0
hb129 151 423 1
hb115 173 423 1
hb64 195 423 1
hb257 210 423 0
hb207 227 423 1
hb67 255 423 0
hb274 269 423 1
hb285 290 423 0
hb234 303 423 1
hb163 321 423 1
hb230 343 423 0
hb195 373 423 1
hb186 386 423 0
hb193 417 423 1
hb106 434 423 0
hb213 446 423 1
hb107 460 423 1
hb173 475 423 0
hb72 500 423 1
hb81 515 423 0
hb227 0 457 1
hb10 32 457 0
hb162 47 457 1
hb280 65 457 1
hb150 87 457 0
hb55 110 457 0
hb276 136 457 1
hb94 150 457 1
hb281 169 457 1
hb273 187 457 0
hb130 208 457 1
hb29 234 457 0
hb181 263 457 1
hb231 291 457 0
hb112 307 457 1
hb36 332 457 0
hb284 359 457 1
hb37 380 457 0
hb201 392 457 0
hb34 418 457 1
hb215 430 457 1
hb203 451 457 0
hb116 466 457 1
hb30 485 457 0
hb252 505 457 0
hb194 524 457 1
hb275 0 488 0
hb137 22 488 0
hb219 43 488 1
hb156 61 488 1
hb1 77 488 1
hb296 93 488 0
hb290 109 488 0
hb44 125 488 1
hb172 149 488 1
hb26 162 488 1
hb160 180 488 1
hb208 196 488 1
hb214 216 488 0
hb0 233 488 1
hb2 248 488 0
hb5 270 488 0
hb259 286 488 1
hb294 298 488 0
hb35 315 488 0
hb143 327 488 0
hb155 351 488 1
hb268 365 488 0
hb58 387 488 0
hb157 412 488 0
hb45 432 488 0
hb24 456 488 0
hb93 474 488 0
hb254 494 488 1
hb241 507 488 0
hb28 520 488 1
hb210 0 516 1
hb270 24 516 0
hb158 47 516 0
hb65 70 516 1
hb240 93 516 0
hb154 116 516 0
hb126 138 516 0
hb223 160 516 0
hb32 182 516 1
hb256 204 516 1
hb205 217 516 1
hb111 232 516 0
hb165 245 516 1
hb228 262 516 1
hb38 282 516 1
hb148 301 516 0
hb46 319 516 1
hb50 332 516 1
hb152 346 516 0
hb178 362 516 0
hb260 379 516 1
hb12 391 516 0
hb20 408 516 0
hb51 421 516 0
hb175 435 516 0
hb211 450 516 1
hb233 462 516 1
hb283 475 516 0
hb253 488 516 1
hb39 501 516 0
hb299 513 516 0
