Area 608685

NumHardBlocks 110
m110 0 0 1
m5 252 120 1
m8 189 120 1
m6 252 213 1
m7 189 213 1
m1 378 120 1
m4 63 120 1
m14 315 120 1
m15 126 120 1
m13 441 213 1
m16 0 213 1
m10 315 213 1
m11 126 213 1
m2 378 213 1
m3 63 213 1
m9 441 120 1
m12 0 120 1
m55 189 306 1
m56 126 306 1
m50 252 399 1
m53 63 399 1
m58 315 306 1
m61 0 306 1
m51 189 399 1
m52 126 399 1
m59 252 306 1
m60 63 306 1
m54 315 399 1
m57 0 399 1
m21 180 492 0
m22 120 492 0
m18 300 492 0
m19 0 492 0
m17 240 492 0
m20 60 492 0
m70 502 509 1
m71 431 509 1
m72 573 509 1
m73 360 509 1
m30 378 306 0
m26 0 593 1
m68 194 593 1
m103 388 693 1
m27 388 543 0
m109 142 915 1
m41 575 120 1
m42 504 120 1
m43 575 188 1
m44 504 188 1
m45 575 154 1
m46 504 154 1
m107 504 222 1
m102 454 908 1
m108 0 927 1
m106 378 490 1
m105 454 882 1
m104 355 923 1
m78 0 641 1
m77 134 641 1
m98 268 641 0
m69 553 543 1
m75 376 701 0
m33 279 737 0
m34 558 668 0
m90 0 734 0
m88 558 749 0
m89 186 818 0
m74 186 737 0
m79 279 800 0
m32 465 785 0
m35 93 734 0
m36 0 797 0
m31 93 797 0
m65 372 764 0
m99 469 701 0
m93 497 916 1
m92 553 632 1
m94 553 650 1
m25 186 800 1
m28 558 731 1
m29 552 278 1
m23 540 890 1
m95 0 860 1
m96 520 491 1
m24 469 767 1
m97 454 890 1
m101 638 278 0
m85 0 878 1
m80 454 848 1
m100 284 897 1
m76 71 893 1
m84 142 881 1
m82 525 848 1
m81 213 881 1
m83 284 863 1
m63 590 296 0
m91 355 863 1
m47 504 230 0
m62 585 230 1
m64 582 443 1
m48 582 395 1
m67 421 875 1
m37 596 845 0
m86 93 860 0
m40 558 812 0
m39 421 827 1
m87 582 362 0
m38 552 230 1
m66 372 827 0
m49 552 296 1
