Area 620232

NumHardBlocks 65
m45 172 0 1
m49 86 0 1
m48 258 0 1
m46 0 0 1
m47 129 111 1
m10 171 135 1
m11 0 135 1
m6 171 209 1
m7 0 209 1
m9 171 357 1
m12 0 357 1
m5 171 283 1
m8 0 283 1
m62 0 431 1
m13 0 443 1
m63 0 455 1
m61 0 467 1
m1 0 479 0
m36 24 749 1
m64 24 479 1
m65 0 1019 1
m15 0 1141 1
m14 0 1153 1
m2 0 1165 1
m24 98 1263 0
m25 86 1263 0
m27 110 1263 1
m28 0 1263 1
m23 110 1460 1
m26 0 1460 1
m31 158 1374 0
m32 14 1374 0
m30 110 1374 0
m33 62 1374 0
m29 134 1374 0
m34 38 1374 0
m39 110 1571 1
m52 246 1154 1
m43 232 1400 0
m59 258 1043 1
m3 0 1571 1
m44 244 1289 1
m58 110 1693 0
m4 221 1717 0
m16 0 1682 1
m17 232 1486 1
m50 246 1265 1
m21 221 1693 1
m51 196 1471 0
m35 220 1263 0
m18 258 1019 1
m53 110 1779 1
m40 0 1742 1
m22 318 1486 0
m19 196 1263 0
m60 278 1571 0
m56 222 1165 0
m54 232 1547 1
m57 0 896 0
m55 0 810 0
m37 86 1594 0
m41 196 1410 0
m20 302 1572 0
m38 307 1633 0
m42 196 1349 0
