Area 642618

NumHardBlocks 67
m10 171 0 1
m11 0 0 1
m6 171 222 1
m7 0 222 1
m9 171 148 1
m12 0 148 1
m5 171 74 1
m8 0 74 1
m62 0 296 1
m13 0 308 1
m61 0 320 1
m1 0 332 1
m63 0 344 1
m64 0 356 1
m36 0 626 1
m65 0 896 1
m14 0 1018 1
m15 0 1030 1
m45 111 1042 0
m49 0 1042 0
m48 136 1128 1
m46 0 1128 1
m47 99 1128 0
m66 86 1214 0
m67 95 1246 1
m2 0 1781 1
m24 98 1278 0
m25 86 1278 0
m27 110 1278 1
m28 0 1278 1
m23 110 1475 1
m26 0 1475 1
m31 158 1389 0
m32 14 1389 0
m30 110 1389 0
m33 62 1389 0
m29 134 1389 0
m34 38 1389 0
m39 111 1586 0
m58 233 1583 1
m44 0 1695 0
m3 196 1386 1
m4 246 1718 1
m52 256 1275 1
m43 0 1609 0
m59 256 1018 1
m16 196 1275 0
m17 233 1497 0
m35 318 356 0
m51 318 528 0
m21 282 896 0
m18 232 1165 0
m19 111 1754 1
m40 318 614 0
m22 222 1251 1
m50 0 1239 1
m53 222 1754 0
m57 318 442 0
m54 293 1129 0
m37 232 1018 0
m55 258 896 0
m56 233 1694 1
m60 294 1386 0
m41 258 982 1
m20 222 1840 1
m38 256 1165 0
m42 232 1129 1
