###############################################################
#  Generated by:      Cadence Innovus 21.13-s100_1
#  OS:                Linux x86_64(Host ID ic22)
#  Generated on:      Sun Mar  2 17:31:20 2025
#  Design:            sha256
#  Command:           report_timing > ../timing19.rpt
###############################################################
Path 1: MET Setup Check with Pin core_a_reg_reg[29]/CLK 
Endpoint:   core_a_reg_reg[29]/D               (v) checked with  leading edge 
of 'clk'
Beginpoint: core_w_mem_inst_w_mem_reg[9][2]/QN (v) triggered by  leading edge 
of 'clk'
Path Groups: {clk}
Analysis View: view_tc
Other End Arrival Time          0.000
- Setup                         8.989
+ Phase Shift                 525.000
= Required Time               516.011
- Arrival Time                515.900
= Slack Time                    0.111
     Clock Rise Edge                 0.000
     + Clock Network Latency (Ideal) 0.000
     = Beginpoint Arrival Time       0.000
     +----------------------------------------------------------------------------------------------------------------------------+ 
     |                     Instance                      |      Arc      |           Cell           |  Delay | Arrival | Required | 
     |                                                   |               |                          |        |  Time   |   Time   | 
     |---------------------------------------------------+---------------+--------------------------+--------+---------+----------| 
     | core_w_mem_inst_w_mem_reg[9][2]                   | CLK ^         |                          |        |   0.000 |    0.111 | 
     | core_w_mem_inst_w_mem_reg[9][2]                   | CLK ^ -> QN v | DFFASRHQNx1_ASAP7_75t_SL | 48.500 |  48.500 |   48.611 | 
     | FE_RC_0_0                                         | A v -> Y v    | XNOR2xp5_ASAP7_75t_SL    | 24.600 |  73.100 |   73.211 | 
     | core_w_mem_inst_csa_tree_add_205_29_groupi_g67596 | B v -> Y v    | XNOR2xp5_ASAP7_75t_SL    | 24.500 |  97.600 |   97.711 | 
     | core_w_mem_inst_csa_tree_add_205_29_groupi_g67598 | A v -> Y v    | XNOR2xp5_ASAP7_75t_SL    | 24.200 | 121.800 |  121.911 | 
     | core_w_mem_inst_csa_tree_add_205_29_groupi_g67597 | A v -> Y v    | XNOR2x1_ASAP7_75t_SL     | 18.700 | 140.500 |  140.611 | 
     | core_w_mem_inst_csa_tree_add_205_29_groupi_g6098  | B v -> Y v    | OR2x2_ASAP7_75t_SL       | 21.500 | 162.000 |  162.111 | 
     | core_w_mem_inst_csa_tree_add_205_29_groupi_g67289 | A v -> Y ^    | NAND2x1p5_ASAP7_75t_SL   | 11.400 | 173.400 |  173.511 | 
     | g68801                                            | A1 ^ -> Y v   | OAI21x1_ASAP7_75t_SL     |  5.700 | 179.100 |  179.211 | 
     | g68799                                            | B v -> Y v    | AND3x1_ASAP7_75t_SL      | 13.200 | 192.300 |  192.411 | 
     | core_w_mem_inst_csa_tree_add_205_29_groupi_g5623  | A v -> Y v    | OR2x6_ASAP7_75t_SL       | 19.300 | 211.600 |  211.711 | 
     | core_w_mem_inst_csa_tree_add_205_29_groupi_g5616  | B v -> Y ^    | NAND2x2_ASAP7_75t_SL     |  9.700 | 221.300 |  221.411 | 
     | g377                                              | A ^ -> Y ^    | AND2x4_ASAP7_75t_SL      | 15.000 | 236.300 |  236.411 | 
     | g142                                              | A2 ^ -> Y ^   | OA21x2_ASAP7_75t_SL      | 23.200 | 259.500 |  259.611 | 
     | g68734                                            | A2 ^ -> Y v   | OAI21xp5_ASAP7_75t_SL    | 10.900 | 270.400 |  270.511 | 
     | g68733                                            | A v -> Y ^    | XOR2x2_ASAP7_75t_SL      | 27.700 | 298.100 |  298.211 | 
     | g68312                                            | A2 ^ -> Y v   | OAI21x1_ASAP7_75t_SL     | 13.700 | 311.800 |  311.911 | 
     | FE_RC_130_0                                       | A v -> Y ^    | NAND2xp5_ASAP7_75t_SL    | 14.500 | 326.300 |  326.411 | 
     | FE_RC_124_0                                       | B ^ -> Y v    | OAI21xp5_ASAP7_75t_SL    | 15.500 | 341.800 |  341.911 | 
     | g68264                                            | A v -> Y v    | XNOR2xp5_ASAP7_75t_SL    | 27.500 | 369.300 |  369.411 | 
     | g68324                                            | B v -> Y ^    | XNOR2xp5_ASAP7_75t_SL    | 13.500 | 382.800 |  382.911 | 
     | g68745                                            | B ^ -> Y v    | NOR2xp33_ASAP7_75t_SL    | 17.900 | 400.700 |  400.811 | 
     | g68743                                            | A2 v -> Y ^   | OAI21xp5_ASAP7_75t_SL    | 18.600 | 419.300 |  419.411 | 
     | g68603                                            | A1 ^ -> Y v   | OAI21xp5_ASAP7_75t_SL    | 14.300 | 433.600 |  433.711 | 
     | g18                                               | B v -> Y v    | AO21x1_ASAP7_75t_SL      | 19.000 | 452.600 |  452.711 | 
     | FE_RC_116_0                                       | A v -> Y v    | AND2x2_ASAP7_75t_SL      | 16.200 | 468.800 |  468.911 | 
     | g68758                                            | A2 v -> Y ^   | OAI21x1_ASAP7_75t_SL     |  7.700 | 476.500 |  476.611 | 
     | core_csa_tree_add_422_23_groupi_g5703             | B ^ -> Y ^    | OA21x2_ASAP7_75t_SL      | 16.100 | 492.600 |  492.711 | 
     | core_csa_tree_add_422_23_groupi_g5688             | A ^ -> Y ^    | XNOR2x1_ASAP7_75t_SL     | 14.200 | 506.800 |  506.911 | 
     | core_g63497                                       | A1 ^ -> Y v   | AOI21xp5_ASAP7_75t_SL    |  9.000 | 515.800 |  515.911 | 
     | core_a_reg_reg[29]                                | D v           | DFFASRHQNx1_ASAP7_75t_SL |  0.100 | 515.900 |  516.011 | 
     +----------------------------------------------------------------------------------------------------------------------------+ 

